     1                                  bits 32 ; assembling for the 32 bits architecture
     2                                  
     3                                  ; declare the EntryPoint (a label defining the very first instruction of the program)
     4                                  global start        
     5                                  
     6                                  ; declare external functions needed by our program
     7                                  extern exit               ; tell nasm that exit exists even if we won't be defining it
     8                                  import exit msvcrt.dll    ; exit is a function that ends the calling process. It is defined in msvcrt.dll
     9                                                            ; msvcrt.dll contains exit, printf and all the other important C-runtime specific functions
    10                                  
    11                                  ; our data is declared here (the variables needed by our program)
    12                                  segment data use32 class=data
    13 00000000 05                          a db 5
    14 00000001 4D                          b db 77
    15 00000002 08                          c db 8
    16 00000003 8200                        d dw 130
    17                                  
    18                                  ; our code starts here
    19                                  segment code use32 class=code
    20                                      start:;.. d+10*a-b*c
    21 00000000 B00A                            mov AL,10; AL=10
    22 00000002 F625[00000000]                  mul byte[a]; AX=AL*a=10*a
    23 00000008 6689C3                          mov BX,AX; BX=AX
    24                                          
    25 0000000B A0[01000000]                    mov AL,[b]; AL=b
    26 00000010 F625[02000000]                  mul byte[c]; AX=AL*c=b*c
    27                                          
    28 00000016 6629C3                          sub BX,AX; BX=BX-AX=10*a-b*c
    29 00000019 66031D[03000000]                add BX,word [d]; BX=BX+d= 10*a-b*c+d 
    30                                          
    31                                      
    32                                          ; exit(0)
    33 00000020 6A00                            push    dword 0      ; push the parameter for exit onto the stack
    34 00000022 FF15[00000000]                  call    [exit]       ; call exit to terminate the program
