     1                                  bits 32
     2                                  
     3                                  global start
     4                                  extern exit,printf
     5                                  import exit msvcrt.dll
     6                                  import printf msvcrt.dll
     7                                  
     8                                  ; Se citeste un sir de dublucuvinte si un caracter. Sa se afiseze pe ecran cuvintele ai caror octeti superiori sunt egali cu
     9                                  ; codul ascii al caracterului citit
    10                                  
    11                                  segment data use32 class=data
    12                                  
    13 00000000 2301CDAB34127856            sir dd 0ABCD0123h,56781234h
    14                                      l equ ($-sir)/2 
    15 00000008 70                          caracter db 'p'
    16                                      
    17 00000009 0000<rept>                  sir_f times l dw 0
    18 00000011 257800                      format db "%x",0
    19                                      
    20                                  segment code use32 class=code   
    21                                      start:
    22                                      
    23 00000000 B904000000                  mov ECX,l
    24 00000005 BE[00000000]                mov ESI,sir 
    25 0000000A BF[09000000]                mov EDI,sir_f
    26 0000000F BB00000000                  mov EBX,0
    27 00000014 FC                          cld 
    28                                      
    29                                      repeta:
    30 00000015 66AD                            LODSW
    31 00000017 3A25[08000000]                  cmp AH, [caracter]
    32 0000001D 7503                            jne sari
    33 0000001F 66AB                            STOSW
    34 00000021 43                              inc EBX 
    35                                          
    36                                          sari:
    37                                          
    38 00000022 E2F1                        loop repeta
    39                                      
    40 00000024 89D9                        mov ECX,EBX 
    41 00000026 FC                          cld 
    42 00000027 BE[09000000]                mov ESI,sir_f
    43                                      
    44                                      repeta1:
    45 0000002C B800000000                      mov EAX,0
    46 00000031 66AD                            LODSW 
    47                                          
    48 00000033 51                              push  ecx 
    49 00000034 50                              push dword EAX 
    50 00000035 68[11000000]                    push dword format 
    51 0000003A FF15[00000000]                  call [printf]
    52 00000040 83C408                          add ESP,4*2
    53                                          
    54 00000043 59                              pop ecx 
    55                                          
    56 00000044 E2E6                        loop repeta1
    57                                          
    58                                  
    59 00000046 6A00                        push dword 0
    60 00000048 FF15[00000000]              call [exit]
    61                                      
    62                                      
    63                                      
